\BOOKMARK [1][-]{section.1}{\376\377\000I\000\040\000W\000o\000r\000k\000f\000l\000o\000w}{}% 1
\BOOKMARK [2][-]{subsection.1.1}{\376\377\0001\000\040\000E\000v\000e\000r\000y\000d\000a\000y\000:\000\040\000p\000u\000s\000h\000\040\000V\000S\000\040\000C\000o\000d\000e\000\040\000t\000o\000\040\000G\000i\000t\000H\000u\000b}{section.1}% 2
\BOOKMARK [2][-]{subsection.1.2}{\376\377\0002\000\040\000C\000o\000l\000l\000a\000b\000o\000r\000a\000t\000i\000n\000g\000:\000\040\000p\000u\000s\000h\000\040\000G\000i\000t\000H\000u\000b\000\040\000c\000h\000a\000n\000g\000e\000s\000\040\000t\000o\000\040\000V\000S\000\040\000C\000o\000d\000e}{section.1}% 3
\BOOKMARK [1][-]{section.2}{\376\377\000I\000I\000\040\000S\000e\000t\000\040\000U\000p}{}% 4
\BOOKMARK [2][-]{subsection.2.1}{\376\377\0001\000\040\000L\000o\000g\000i\000n}{section.2}% 5
\BOOKMARK [2][-]{subsection.2.2}{\376\377\0002\000\040\000N\000a\000v\000i\000g\000a\000t\000e\000\040\000t\000o\000\040\000r\000e\000p\000o\000\040\000f\000o\000l\000d\000e\000r}{section.2}% 6
\BOOKMARK [2][-]{subsection.2.3}{\376\377\0003\000\040\000I\000n\000i\000t\000i\000a\000l\000i\000z\000e}{section.2}% 7
\BOOKMARK [2][-]{subsection.2.4}{\376\377\0004\000\040\000E\000d\000i\000t\000\040\000.\000g\000i\000t\000i\000g\000n\000o\000r\000e}{section.2}% 8
\BOOKMARK [2][-]{subsection.2.5}{\376\377\0005\000\040\000S\000t\000a\000g\000e\000\040\000a\000n\000d\000\040\000c\000o\000m\000m\000i\000t}{section.2}% 9
\BOOKMARK [2][-]{subsection.2.6}{\376\377\0006\000\040\000C\000o\000n\000n\000e\000c\000t\000\040\000t\000o\000\040\000r\000e\000m\000o\000t\000e\000\040\000\050\000f\000i\000r\000s\000t\000\040\000t\000i\000m\000e\000\040\000o\000n\000l\000y\000\051}{section.2}% 10
\BOOKMARK [2][-]{subsection.2.7}{\376\377\0007\000\040\000P\000u\000s\000h\000\040\000t\000o\000\040\000G\000i\000t\000H\000u\000b}{section.2}% 11
\BOOKMARK [1][-]{section.3}{\376\377\000I\000I\000I\000\040\000T\000r\000o\000u\000b\000l\000e\000s\000h\000o\000o\000t\000i\000n\000g}{}% 12
\BOOKMARK [2][-]{subsection.3.1}{\376\377\0001\000\040\000I\000f\000\040\000p\000u\000s\000h\000\040\000i\000s\000\040\000r\000e\000j\000e\000c\000t\000e\000d\000\040\000\050\000h\000i\000s\000t\000o\000r\000i\000e\000s\000\040\000d\000o\000n\000'\000t\000\040\000m\000a\000t\000c\000h\000\051}{section.3}% 13
\BOOKMARK [2][-]{subsection.3.2}{\376\377\0002\000\040\000L\000o\000c\000k\000\040\000f\000i\000l\000e\000\040\000e\000r\000r\000o\000r}{section.3}% 14
\BOOKMARK [2][-]{subsection.3.3}{\376\377\0003\000\040\000U\000n\000s\000t\000a\000g\000e\000\040\000a\000\040\000f\000i\000l\000e}{section.3}% 15
\BOOKMARK [2][-]{subsection.3.4}{\376\377\0004\000\040\000C\000h\000e\000c\000k\000\040\000s\000t\000a\000t\000u\000s\000\040\000/\000\040\000h\000i\000s\000t\000o\000r\000y\000\040\000/\000\040\000r\000e\000m\000o\000t\000e\000s}{section.3}% 16
\BOOKMARK [2][-]{subsection.3.5}{\376\377\0005\000\040\000S\000e\000e\000\040\000w\000h\000a\000t\000\040\000c\000h\000a\000n\000g\000e\000d}{section.3}% 17
\BOOKMARK [1][-]{section.4}{\376\377\000I\000V\000\040\000V\000S\000\040\000C\000o\000d\000e\000\040\000C\000o\000m\000m\000a\000n\000d\000\040\000L\000i\000n\000e}{}% 18
\BOOKMARK [2][-]{subsection.4.1}{\376\377\0001\000\040\000O\000p\000e\000n\000\040\000f\000i\000l\000e\000s\000\040\000\046\000\040\000f\000o\000l\000d\000e\000r\000s}{section.4}% 19
\BOOKMARK [2][-]{subsection.4.2}{\376\377\0002\000\040\000N\000a\000v\000i\000g\000a\000t\000e\000\040\000d\000i\000r\000e\000c\000t\000o\000r\000i\000e\000s}{section.4}% 20
\BOOKMARK [2][-]{subsection.4.3}{\376\377\0003\000\040\000C\000o\000m\000p\000i\000l\000e\000\040\000L\000a\000T\000e\000X}{section.4}% 21
\BOOKMARK [2][-]{subsection.4.4}{\376\377\0004\000\040\000F\000i\000l\000e\000\040\000o\000p\000e\000r\000a\000t\000i\000o\000n\000s}{section.4}% 22
